---
source: tests/cli.rs
info:
  program: ailint
  args:
    - check
---
success: false
exit_code: 1
----- stdout -----
error[import-target]: import `@../missing.md` does not resolve
 --> .claude/skills/x/SKILL.md:1:2
  |
1 | @../missing.md
  |  ^^^^^^^^^^^^^ a broken @-import fails silently at load time
ailint: 1 finding

----- stderr -----
