---
source: tests/cli.rs
info:
  program: aigarden
  args:
    - check
---
success: false
exit_code: 1
----- stdout -----
error[code-doc-ref]: doc path `docs/missing.md` cited here does not exist
 --> src/main.rs:1:17
  |
1 | // rationale in docs/missing.md
  |                 ^^^^^^^^^^^^^^^
aigarden: 1 finding

----- stderr -----
