---
source: tests/cli.rs
info:
  program: aigarden
  args:
    - explain
    - status-header
---
success: true
exit_code: 0
----- stdout -----
status-header — every issue/plan doc carries a recognized `**Status:**` header
Status: config-gated

What it checks
  Every doc matching `[status-header] files` carries a `**Status:** <value>` header whose leading keyword is in `live ∪ terminal`. A missing or unrecognized status is reported, never silently treated as non-frozen. A terminal status marks the doc *frozen*: its path citations are exempt from the rules in `suppresses`. Config-driven and inert until `files` is set; a repo-wide contract, though `[per-file-ignores]` can exempt a specific doc.

Config [status-header]
  files (default: none (rule inert)) — globs of docs under the contract, e.g. ["issues/**/*.md", "plans/*.md"]; a README under a matched glob is never a tracked item
  header (default: "Status") — the bold label parsed as `**<header>:** <value>`
  live (default: none) — live (non-frozen) status keywords, e.g. ["open", "active"]
  terminal (default: none) — terminal (frozen) status keywords, e.g. ["done", "implemented"]
  suppresses (default: none) — rules the frozen exemption skips on a terminal doc; the citation rules (link-target, link-case, bare-path, import-target, anchor-resolves, descriptive-anchor) are accepted, structural rules are not

Example finding
  status `dnoe` is not a recognized status (expected one of: open, done)

Fix
  No autofix — a finding needs a human decision

----- stderr -----
