---
source: tests/cli.rs
info:
  program: aigarden
  args:
    - check
---
success: false
exit_code: 2
----- stdout -----

----- stderr -----
aigarden: in config file [CONFIG]: `status-header.suppresses` names `file-length`, which is not a frozen-aware rule (one of: bare-path, link-case, descriptive-anchor)
